PASSED_COUNT=27
PASS:TC15_SmartConfig_CONNECTIVITY
PASS:TC17_WifiWithoutRouter_CONNECTIVITY
PASS:TC06_During_SignUp_or_SignIn_enter_valid_OTP
PASS:TC02_SignUp_with_already_registered_username
PASS:TC18_UI_Check_sZephyr_Info_values
PASS:TC31_Schedular_BLEWithoutRouter_App_close_mode
PASS:TC04_SignIn_Try_to_SignIn_with_unregistered_username
PASS:TC_24_Analytics_BLE_without_Router_App_Close
PASS:TC13_BlewithoutRouter_CONNECTIVITY
PASS:TC20_DeviceSettings_Remove_Router
PASS:TC_01_Account_Info_page_check
PASS:TC16_WifiWithRouter_CONNECTIVITY
PASS:TC_23_Analytics_BLE_withoutRouter_App_Open
PASS:TC03_SignUp_Try_to_Sign_Up_with_new_username
PASS:TC21_DeviceSettings_LED_Quite_Mode
PASS:TC28_Schedular_SmartConfig_Mode
PASS:TC30_Schedular_BLE_without_router
PASS:TC09_Pairing_BLE_With_Router
PASS:TC05_Try_to_SignIn_into_app_with_Validuserdetails_but_invalidOTP
PASS:TC34_Szephyr_Info_check
PASS:TC36_ESM_mode_button_check
PASS:TC32_FactoryReset_check
PASS:TC19_DeviceSettings_Add_Router
PASS:TC33_BleWithoutRouter_Factory_Reset
PASS:TC08_Pairing_BLE_Without_Router
PASS:TC14_BlewithRouter_CONNECTIVITY
PASS:TC29_Schedular_Smartconfig_app_close
FAILED_COUNT=5
FAIL:TC22_DeviceSettings_Pairing_Time_Settings_change
FAIL:TC_26_Analytics_Smartconfig_App_close
FAIL:TC10_Pairing_in_SmartConfig_Mode
FAIL:TC07_Logout_After_Login_Pair_with_device_and_logout_from_device_is_working
FAIL:TC_25_Analytics_SmartConfig_Mode
SKIPPED_COUNT=8
SKIP:TC16_WifiWithRouter_CONNECTIVITY
SKIP:TC_25_Analytics_SmartConfig_Mode
SKIP:TC10_Pairing_in_SmartConfig_Mode
SKIP:TC22_DeviceSettings_Pairing_Time_Settings_change
SKIP:TC_26_Analytics_Smartconfig_App_close
SKIP:TC07_Logout_After_Login_Pair_with_device_and_logout_from_device_is_working
SKIP:TC_24_Analytics_BLE_without_Router_App_Close
SKIP:TC09_Pairing_BLE_With_Router
